// Jest Snapshot v1, https://goo.gl/fbAQLP

exports[`Test <AddCategory/> Success render <AddCategory/> 1`] = `
<Fragment>
  <form
    onSubmit={[Function]}
  >
    <input
      onChange={[Function]}
      placeholder="press enter once you type"
      type="text"
      value=""
    />
  </form>
  <p
    hidden={true}
  />
</Fragment>
`;
